TAP version 13
# Subtest: failed real HTTP reads retain status and route for empty, HTML and JSON responses
ok 1 - failed real HTTP reads retain status and route for empty, HTML and JSON responses
  ---
  duration_ms: 48.2005
  type: 'test'
  ...
# Subtest: on-demand detail reader uses real HTTP, rejects malformed results, and exposes a real disconnected server
ok 2 - on-demand detail reader uses real HTTP, rejects malformed results, and exposes a real disconnected server
  ---
  duration_ms: 27.7415
  type: 'test'
  ...
1..2
# tests 2
# suites 0
# pass 2
# fail 0
# cancelled 0
# skipped 0
# todo 0
# duration_ms 220.4051
