✔ action polling preserves the Host storage diagnostic in its visible error state (60.6919ms)
✔ historical compaction exposes stored facts without fabricating before/after or audit failure (81.4212ms)
✔ multiple summary transactions retain one failed operation and enrich already settled audits (1.0235ms)
✔ action display groups transactions, separates pricing units and reports missing audit after a durable commit (15.2554ms)
✔ settled deep handoffs and partial durable failures retain one audited action (1.5462ms)
✔ session polling reserves one fetch, releases retained pages, and aborts in-flight work on unload (1.0897ms)
✔ existing-session numeric upgrade preserves outcomes, admission fields and cleanup (7.1581ms)
✔ legacy output pressure does not change an uncalibrated input observation (1.2069ms)
✔ eligible fivefold text calibration supplied by the plugin journal is never clipped by the consumer (1.7558ms)
✔ provider 上报的数字变化不触发通知 (6.4864ms)
✔ numeric-only changes do not notify until the model-visible grade changes (2.2534ms)
✔ 工具定义计入请求内容量 (2.8315ms)
✔ existing-session numeric upgrade samples when old grade is unchanged and respects rejection (1.0866ms)
✔ Chinese UI displays numeric percentages, levels and independent colors (9.6501ms)
✔ all four ranges have distinct colors with exact thresholds (0.5348ms)
✔ UI does not invent numeric samples for old or uncalibrated observations (2.0612ms)
✔ UI replays numeric metadata while model text retains only grades (2.0962ms)
✔ notice definition keys on form only: every notice in, plain user messages untouched (1.3638ms)
✔ notice node keeps the durable position and unwraps the message text (0.4121ms)
✔ notice card speaks human: source label, sampled values, unwrapped body (1.6074ms)
✔ unwrapping drops model-facing wrapper lines and keeps real content (0.6179ms)
✔ values come only from real samples; a placeholder summary yields to them (0.4767ms)
✔ source labels speak for this plugin and keep foreign producers verbatim (0.3977ms)
✔ producer name reads both source generations; empty text makes no node (0.3646ms)
✔ a natural dispatch consumes the newest completion notice and supersedes older ones (5.1674ms)
✔ known unstarted completion handoff restores the prior unknown allowance and cannot undo a sent notice (0.9264ms)
✔ an unknown completion delivery retains its id after restart, with a bounded allowance (0.7784ms)
✔ completion state keys stay safe for the JSON per-record backend (2.8009ms)
✔ parser accepts English and Chinese labels but ignores quotes, fences, and negation (48.2513ms)
✔ observer persists pending before completion and applies source cooldown (8.5503ms)
✔ configured storage failures retain their original error and never acknowledge a memory write (1.572ms)
✔ settlement from an older occurrence cannot consume a newer pending observation (1.5157ms)
✔ policy changes while reading prevent pending and cooldown writes (1.2289ms)
✔ recovery clears an interrupted pending observation (0.8119ms)
✔ combined policy limits preserve actual capacity and reserve output once (1.7624ms)
✔ billing ceiling applies safety once and unknown capacity still allows dispatch (1.1859ms)
✔ maintenance starts at soft and continues below soft until strictly below release (0.6927ms)
✔ exact route and purpose policies reject duplicate declarations (0.6522ms)
✔ recovery requires a retained replacement after the failed revision, source coverage and a frozen-price decrease (0.8414ms)
✔ S-forge curves distinguish retained information from relative pressure (6.8309ms)
✔ range keeps a complete tool call/result batch (2.6699ms)
✔ clear range keeps the system prompt at node 0 and stops on a balanced tool edge (0.6651ms)
✔ clear range declines when only the system prompt would be left (0.579ms)
✔ summary-only and plugin statuses are not fresh work (0.3926ms)
✔ system tokens never make a status-only prefix fresh (0.316ms)
✔ one session arming maintenance cannot cause another session below the soft budget to compact (290.236ms)
✔ deep rest rejects a larger complete handoff before opening a transaction and preserves fixed shadow prices (2.7336ms)
✔ deep rest refuses a selected span changed while awaiting the maintenance ACK (0.3831ms)
✔ tool queues a bounded note; next boundary compacts once and preserves decision fields (162.386ms)
✔ rest advertises 8000 characters, accepts the internal boundary and keeps tolerance out of model-facing text (148.997ms)
▶ explicit rest reaches the provider with unknown capacity or no prior routed header
  ✔ unknown capacity (139.0231ms)
  ✔ unknown capacity with an explicit retained tail (116.5552ms)
  ✔ no routed header (120.7232ms)
✔ explicit rest reaches the provider with unknown capacity or no prior routed header (377.2885ms)
✔ deep rest clears the history to the handoff and never calls the compaction provider (127.0754ms)
✔ automatic reduction avoids a second compaction in the same boundary (127.2904ms)
✔ delegated ordinary maintenance does not consume an explicit deep handoff (114.6634ms)
✔ failure is reported without pretending that history was compressed (137.8927ms)
✔ cancellation and rejected admission do not start compaction (123.767ms)
✔ cancellation during summarization propagates without a completion message (125.2578ms)
✔ unchanged status is deduplicated from durable retained history (115.7944ms)
✔ Cordis unload removes tool and prompt contributions and listener (102.6101ms)
✔ status snapshot contains no countdown or unsupported memory diagnosis (0.2205ms)
✔ 建议强度跟着疲劳等级走，very-high 明确指向深度休息 (0.3804ms)
✔ 常驻指引不再无条件踩刹车 (0.1084ms)
✔ 规划提醒保留真实期限与当前计量，并注明本插件的提醒来源 (0.3366ms)
✔ 拿不到数值时退回不带数字的说法，不编造百分比 (0.1693ms)
✔ 循环文案仍然说明本轮是被中止的 (0.3918ms)
✔ 代码围栏不算循环：写文档时围栏天然成对出现 (3.6977ms)
✔ 真实循环仍然认得出：同一行反复出现 (0.6492ms)
✔ 提示规则接线：索引插件声明的规则命中后，进这一轮的 messages (160.704ms)
✔ 通知通道接线：别的插件注册的源会被问一遍，并进这一轮的 messages (129.2826ms)
✔ 规则引擎炸了不该毁掉整个请求：记 warn 后照常返回 (149.0478ms)
✔ 事实值接线：规则能用 numbers 读到这一轮的 token 量 (181.0371ms)
✔ 事实值接线：算不出来的指标给 null，判不命中，且不连累同一批里别的规则 (235.0359ms)
✔ saving retains acknowledged preferences and failures stay visible across polling until successful retry (12.1112ms)
✔ malformed nested rule responses remain visible errors before reaching the view (5.0865ms)
✔ a departed session cannot publish its delayed save into a new watch of the same session (1.6518ms)
✔ Delta evidence spans chunks, separates reasoning/blocks/attempts and has no invented committed seq (2.7066ms)
✔ Changed preferences discard disabled text and a growing match is acknowledged once per block (0.627ms)
✔ Delta projection rejects over-budget input before retaining it and finishes deterministically (1.662ms)
✔ manifest and runtime source have no DSH dependency or checkout path (64.3254ms)
✔ release has no install-time preparation or exotic dependency (2.5428ms)
✔ Detector streams isolate sessions, attempts, blocks and views; epoch reset excludes earlier text (616.31ms)
✔ Detector finalization and reset validate state, while display/preview reads retain no incremental state (453.2412ms)
✔ Owned detector scope and revision drive availability; registration collisions and async callbacks reject (204.5124ms)
✔ External detectors and native regex share one priority/exclusive pass with validated UTF16 evidence (392.0441ms)
✔ Detector cancellation and disposal stop workers before returning; synchronous loops time out (421.2095ms)
✔ Malformed params, state, evidence, promises and closure references cannot publish results (2147.6571ms)
✔ Builtin marker/phrase/line-repeat/degradation reuse shared facts and pattern IDs (514.4761ms)
✔ Detector schemas with catastrophic regex run inside the terminable worker (835.3535ms)
✔ Detector policy races, concurrent feeds and reused session scopes cannot commit state (663.5209ms)
✔ Detector budgets reject oversized state and aggregate retention across streams (461.0376ms)
✔ Epoch reset holds the stream lock; explicit close during reset prevents a new state ACK (369.0864ms)
✔ Reused workers preserve explicit state but recreate callback globals and honor changed schemas (615.4455ms)
✔ Invalid feed evidence fails before a valid finalize can hide it; method-local arrows transfer correctly (547.9275ms)
✔ on-demand detail reader uses real HTTP, rejects malformed results, and exposes a real disconnected server (109.5312ms)
✔ held slices materialize on each request within a turn, a fixed number of real turns, or the complete session (6.0355ms)
✔ until-inactive slices release only at deactivation and respect an independent reactivation cooldown (1.3902ms)
✔ sticky requests retain the last strictly matched turn without extending it on held-only delivery (2.5832ms)
✔ entry declarations reject missing turn durations and persistent display lifetimes at the document parser (19.0537ms)
✔ complete actual text, schemas and one-shot segments calibrate without scaling image visual prices (1.948ms)
✔ failed, undispatched, auxiliary, smaller and different actual route samples are ineligible (0.5ms)
✔ 正常文本原样返回 (3.5243ms)
✔ 行数太少不判（拿不构成填充行的内容试） (0.4889ms)
✔ 十条短填充行就该判 —— filler-lines 的门槛比 line-repeat 低 (0.4689ms)
✔ 循环文本被截断,不再留"已清理"标记 (0.7577ms)
✔ 同样的输入产出同样的结果 —— 缓存要的就是这个 (1.5982ms)
✔ 代码围栏行不参与统计 (0.3671ms)
✔ cleanMessage 只碰 reasoning 和 text 块，且不改原件 (0.5515ms)
✔ cleanMessages 只清最后一条助手消息 (0.4272ms)
✔ 没有助手消息时原样返回 (0.2395ms)
✔ 跟 loop-guard 串起来:检测到就清得掉 (0.7254ms)
✔ 模式表是加模式的唯一入口 (0.3854ms)
✔ 第二个真实样本:填充行成片出现，靠行的性质认出来 (0.4835ms)
✔ 填充行清理后幂等 (0.3082ms)
✔ 正常的短句不会被当成填充行 (0.1999ms)
✔ 长句即使含「做」也不算填充行 (0.1779ms)
✔ 代码块里的短行不会被误清 (0.1895ms)
✔ 围栏内的重复长块也不参与 line-repeat (0.2385ms)
✔ 围栏外的填充行照清,围栏内的留着 (0.2569ms)
✔ 这次真的踩到的坑:第二轮循环的样本，旧判据抓不到、新判据抓得到 (0.4ms)
✔ 行重复占满尾巴 → 严重档（硬清理的对象） (2.3744ms)
✔ 三行短句稀疏轮转 → 轻微档（认得出，但只提醒） (0.9648ms)
✔ 真机那次「好。/做。/输出。」也算轻微档 —— 短句轮转不该被硬清掉 (0.4501ms)
✔ 混合型刷屏（单行占一半）也是轻微档 —— 真机那批就长这样 (0.3682ms)
✔ 行首单调（每行都以「嗯，」开头）单独成一类，也是轻微档 (0.7289ms)
✔ 填充行成片 → 严重档 (0.3633ms)
✔ 正常散文一条都不命中 (0.4208ms)
✔ 代码块里的重复短行不算循环 (0.3523ms)
✔ 轻微档一律提醒 —— 清不掉它，也就没有"房间里的大象" (3.2774ms)
✔ 严重档：有清理执行者就不提醒，没有才兜底提醒 (0.5941ms)
✔ 没命中就不提醒 (0.29ms)
✔ 提醒正文说出命中的是哪一种形状 (0.8614ms)
✔ a failed audit reports its own error while keeping the primary maintenance failure (4.8213ms)
✔ failed maintenance records its committed reduction while returning the original error (2.7336ms)
✔ deep rest records completion after its synchronous replacement commit (0.5346ms)
✔ a complete maintenance operation serializes by Session while other sessions keep progressing (3.8674ms)
✔ unload cancels active work, prevents queued execution and waits for cancellation cleanup (1.355ms)
✔ hard pressure arms once and hysteresis clears below recovery (1.7891ms)
✔ unknown capacity never triggers maintenance (1.2991ms)
✔ configuration rejects inverted budgets and non-positive pass counts (0.8048ms)
✔ pruneThenMeasure always measures after a committed prune (0.7154ms)
✔ prune failure remains visible and skips the compaction decision (1.4344ms)
✔ matching starts from a parent with process-only flags and an inline module entry (300.851ms)
✔ an empty or unrelated stage performs no worker work, even with oversized history (2.6955ms)
✔ a real pathological regex times out with identity and timing, terminates, then independent matching works (486.9061ms)
✔ real concurrent overload reports admission failure without cancelling admitted workers (579.5325ms)
✔ 注册一个源，collect 拿到它产出的通知 (2.2456ms)
✔ 同一个 id 在一个会话里只注入一次，换个会话又能注入 (0.4612ms)
✔ 关掉 oncePerSurface 才看冷却 (0.4876ms)
✔ 一个源出错不挡住别的源，但留下 warn (0.5465ms)
✔ 通知说不清楚就抛错，不猜 (1.0661ms)
✔ 源返回非数组时记 warn 并跳过 (1.2687ms)
✔ 取消注册后不再被问 (0.3251ms)
✔ re-enabling rejects stale or unproven queued notices without consuming their delivery (0.7153ms)
✔ an awaited notification cannot cross an off-on transition (0.4552ms)
✔ later source waits cannot commit an earlier source after its control edit (0.7413ms)
✔ 注册参数不对就抛错 (0.3692ms)
✔ 命中提示规则时注入一条提醒 (7.807ms)
✔ 通知关联相同评估编号并只引用实际输入的持久事件 (1.1954ms)
✔ 没命中就不注入 (0.4146ms)
✔ 没装索引插件时什么都不做，也不报错 (0.3631ms)
✔ 同一段用户输入只提醒一次 (1.7289ms)
✔ 冷却期内换一段输入也不提醒（冷却管时间） (1.8436ms)
✔ 冷却和去重都是按会话算的，会话之间互不影响 (0.9176ms)
✔ 没有真人说话的边界不判 (0.317ms)
✔ 规则没说清楚要提醒什么就抛错，不静默跳过 (1.2711ms)
✔ 规则是坏数据时抛错，并指出是哪个来源 (0.7813ms)
✔ 规则里指名别的消费者时不落到本插件，也不报错 (0.4258ms)
✔ duplicate committed seq does not retrigger, cooldown and healthy rearm need new completed evidence (21.0115ms)
✔ known unstarted feedback handoff restores the prior allowance without undoing delivery (4.7537ms)
✔ cold restore retains pending and bounds replay of a reserved but unknown delivery (5.0969ms)
✔ target route explicitly allows carry and separates source from receiving model; otherwise supersedes (2.3018ms)
✔ counts complete prose with source offsets, overlap merging and distinct families (34.4051ms)
✔ Markdown code, quotes and local vocabulary discussion are excluded but commitments count (6.1881ms)
✔ sparse output stays below thresholds; repeated short and window outputs trigger (4.256ms)
✔ bounds report unavailable rather than measuring a tail; vocabulary/configuration fails at load (22.3395ms)
✔ switch and static rules match exact routes, purposes and explicit first bind (0.535ms)
✔ 发出的 kind 不是退役的 plugin 包装 (1.4013ms)
✔ 认得出未迁移的 V3 包装（迁移前的事件仍在 surface 上） (0.2695ms)
✔ 未知生产者家族按前缀判定 (0.2035ms)
✔ 交接标记在新旧两种写法下都认，且不误认自己的状态消息 (0.2254ms)
✔ textOf 只取 text 块 (2.0316ms)
✔ lastUserMessage 找最后一条真人说的 (0.3877ms)
✔ recentToolCalls 从会话事件里取工具调用，按时间正序 (1.4653ms)
✔ lastAssistantText 取最后一条助手输出 (0.3799ms)
✔ 会话没有 surface 时返回空，不抛 (1.9177ms)
✔ prompt catalog restores all insertion paths, exact bodies, selected sources and truthful delivery state (127.5901ms)
✔ rule evidence joins only a persisted stable evaluation identity and legacy segments remain explicit (3.8582ms)
✔ identification never expands a system marker into unrelated instructions (0.3957ms)
✔ journal-only request decision restores exact prompt without inventing a reconstructed wrapper (0.3093ms)
✔ optional prompt evidence is a detached JSON snapshot before durable admission (0.3905ms)
✔ prompt polling locates historical seq and releases pages independently of other sessions (1.3598ms)
✔ token budget keeps higher priority whole injections and excludes skipped parents and dependent jobs (21.5012ms)
✔ character errors stop planning even when token or cache admission would exclude the action (5.6906ms)
✔ missing token measurement reports unknown and refuses bounded injections with visible evidence (4.9121ms)
✔ complete UTF8 request byte budget includes tools, system and call configuration, with exact boundaries (1.4716ms)
✔ cache estimate excludes lower priority actions and replans dependent jobs without mutating the original (12.86ms)
✔ missing view anchors skip complete injections and dependents without relocating or hiding character errors (4.6302ms)
✔ cascade compares the complete final request to its original baseline instead of resetting the cache budget (2.0822ms)
✔ request journal detaches queued data and serializes phases through durable acknowledgement (14.5604ms)
✔ request journal exposes original write failure through put, flush and disposal (1.3356ms)
✔ request transform cooldown and surface memory belong to each session (8.286ms)
✔ 没有 request 级规则时不改 body (0.4376ms)
✔ 有 request 级规则时改 body (0.5866ms)
✔ placement 不是 request 的规则不在这一层跑 (0.8007ms)
✔ 命中会留下记录 (0.8415ms)
✔ 规则来源是坏数据时抛错，不静默放过 (1.0182ms)
✔ 规则第一次生效时费一次缓存，之后不再费 (1.4741ms)
✔ 不同接口各记各的上一次 (1.2535ms)
✔ 循环清理:请求体里最后一条助手消息的循环尾巴被清掉 (4.6588ms)
✔ 循环清理:没有循环时不改 body (1.4387ms)
✔ control changes during rewrite audit refuse delivery without spending cooldown or surface deduplication (2.2326ms)
✔ 循环清理:body 不是 JSON 时不动 (0.3967ms)
✔ 循环清理:引擎规则和循环清理同时命中时都生效 (0.8527ms)
✔ Host 与客户端的哈希实现必须一致 —— 不一致卡片就永远不出现 (4.6214ms)
✔ 哈希稳定且定长 (0.5268ms)
✔ changedBlocks 只报真的变了的块 (0.7673ms)
✔ 没有变化时不报任何块 (1.2869ms)
✔ Host-owned rewrite records survive reconstruction without an optional index plugin (1.856ms)
✔ pending rewrite ACKs are hidden and backend rows are constrained to the requested session (0.7531ms)
✔ 进程内记录:写进去能读出来 (0.3276ms)
✔ 内部诊断支持列出全部会话，指定 sessionId 时约束结果 (0.3143ms)
✔ 索引服务在时落属性表,并把持久结果报回来 (0.391ms)
✔ 属性表写不进去时退到进程内,且不抛 (0.5822ms)
✔ 属性表与进程内合并去重 (0.4704ms)
✔ rewrite route failure is observable, backs off and clears after recovery (6.5222ms)
✔ invalid rewrite payload reports an error and disposal aborts an outstanding request (1.1013ms)
✔ session watches share requests, release only the final owner and ignore late responses (1.0906ms)
✔ a response containing another session is rejected before any records are published (0.9629ms)
✔ the recorded assistant probe produces the journal hash (3.1463ms)
✔ buildViewNode keeps message hashes independent of asynchronous journal data (2.8103ms)
✔ buildViewNode hashes concatenated same-type blocks for Chat Completions (0.3722ms)
✔ buildViewNode supports string content, thinking blocks and Responses summaries (0.5071ms)
✔ RewriteNodeView renders a record only for the matching session and hash (10.1374ms)
✔ RewriteNodeView includes removed-line details when available (1.0238ms)
✔ match accepts assistant messages only (0.3066ms)
✔ session CAS, independent actions, pause and reset survive restart without publishing unacknowledged writes (16.0044ms)
✔ failed storage cannot appear saved or execute through stale values; retry recovers explicitly (1.7866ms)
✔ namespaced registrations, unload and re-registration preserve attribution and preferences (2.4191ms)
✔ dynamic streaming toggles reset evidence, disabled actions do not consume a hit, resume needs successful abort (2.7402ms)
✔ notification delivery checks policy again after awaited source and keeps source namespaces separate (1.4964ms)
✔ default guidance stays exact; disabled report keeps explicit operation facts with independently selected advice (0.775ms)
✔ dependency cycles reject registration and transitive dependencies control execution (1.3205ms)
✔ old user evidence does not replay after enabling, and foreign consumers retain ownership (2.7357ms)
✔ malformed engine definitions fail registration and dynamic catalog validation (2.6063ms)
✔ third-party engine definitions are qualified before execution, preserving same IDs from different plugins (2.4393ms)
✔ fresh prefixes precede checkpoint merges and target selection uses the smallest covering prefix (4.2774ms)
✔ two checkpoints separated by status can merge, one cannot satisfy explicit rest, and pressure retains its fallback (0.4981ms)
✔ checkpoint coverage expands prior summaries and prune references in source order without transaction leaves (1.7912ms)
✔ durable no-useful decisions ignore status and log growth but reset on task material or frozen prices (6.9201ms)
✔ selection and executor share trigger identity and settle failures before a summary transaction starts (0.8361ms)
✔ 视图只保留固定行数的窗口，计数与窗口同步 (4.9176ms)
✔ 视图的文本总量受上限约束：逐段累积与单个超长块都不能突破 (1014.1334ms)
✔ viewTail 不重复末尾未完成行，也不拼接整段历史 (1.095ms)
✔ 短行与空行不进入窗口 (3.2003ms)
✔ marker 的滑动窗口不随帧数增长：喂一万帧，进位尾巴仍是常数长度 (1.7116ms)
✔ marker 能跨帧拼出标记，且同一 attempt 内只报一次 (1.9398ms)
✔ scope 决定看哪一路增量：只声明 text 的模式不吃思考块 (0.4089ms)
✔ line-repeat：窗口里密集重复的行命中 (0.9089ms)
✔ line-repeat：稀疏重复不命中（正常的长清单不该被误杀） (0.8615ms)
✔ line-repeat：次数不够但连续重复照样命中 (1.6618ms)
✔ line-repeat：行数不够时任何比例都不判 (0.9275ms)
✔ windowed 模式按累计字节节流：没到量就根本不叫判定器 (0.9078ms)
✔ 命中后同一 attempt 不再重复触发，start 帧会重置 (1.5642ms)
✔ 不同会话互不干扰，各自维护状态 (2.0971ms)
✔ 操作抛错被记账，不会把这一帧的判定打断 (1.3867ms)
✔ 未知操作被如实记账，不静默跳过 (0.7496ms)
✔ 非文本增量（工具调用、用量、收尾）不参与判定 (0.4013ms)
✔ phrase：任意短语命中即报，且能跨帧拼出来 (0.5077ms)
✔ phrase：空词表不报，词表里的短串也不会误吞 (0.2116ms)
✔ 长度为 1 的模式不会让进位尾巴无限增长（slice(-0) 的坑） (2.0553ms)
✔ ordinary compensation inherits exact-route region retries unless maxPasses is explicit (1.6475ms)
✔ summary candidates retain entire tool batches in surface order with fresh minimum (2.4025ms)
✔ one summary builder includes only system head, selected prefix, tools and final directive (0.6371ms)
✔ summary config inherits public exact-route policy and explicit plugin overrides (1.4352ms)
✔ Tavern regex converts independent global captures and display copies without editing raw blocks (251.4516ms)
✔ Tavern regex reports rejected and unknown fields while retaining valid independent scripts (16.436ms)
✔ prompt rendering is strict, literal and single-pass (18.4635ms)
✔ bounded loops and named partials reject runaway output and recursion (13.1023ms)
✔ typed inputs stay JSON values and do not interpret captured shell characters (5.5625ms)
✔ data paths cannot execute functions or getters, including unused nested values (4.067ms)
✔ disabled helpers and template directives cannot be enabled by declarations (2.7014ms)
✔ reminder declarations support readable variables, conditions, loops and named templates (11.5856ms)
✔ rule evaluations persist complete evidence in Host storage without introducing Session event types (3.4907ms)
✔ journal ACK failures remain observable, and evaluations without a session do not claim durable ownership (0.4799ms)
✔ World-info retains valid neighbours and reports invalid data, IDs, macros and unsupported depth anchors (28.337ms)
✔ Every present accepted field has a compatibility report and timing, depth and recursion differences remain explicit (4.4221ms)
✔ Secondary keyword logic uses the same native matcher and constant entries do not retain inactive secondary activation (34.889ms)
✔ World-info entry limits reject excess entries without rejecting the document, native input remains strict (114.3004ms)
✔ Workbench publishes after ACK, serializes competing CAS, and retries a failed write explicitly (16.053ms)
✔ Global and preset variables share persisted values, enforce scope CAS, and isolate preset identities (3.5049ms)
✔ Workbench rejects duplicate declaration names across documents and stops accepting writes during close (1.6431ms)
✔ Source registration can inspect pending document ACKs without publishing them as saved (3.5981ms)
✔ Externally registered documents reject local replacement and declaration collisions before persistence (2.1696ms)
✔ Rule admission seqs commit with the document, survive restore and preserve unchanged revisions (6.5239ms)
✔ Bounded matcher terminates catastrophic backtracking and can still process a later request (490.5874ms)
✔ Bounded matcher abort and disposal settle pending calls without retaining workers (33.9678ms)
✔ Program mappings use the fixed native tool name and never invoke after an approval-time control change (47.7099ms)
✔ Execution cancellation remains requested until the native pipeline actually settles (2.891ms)
✔ Only explicit continue can consume a recorded dependency failure; disabled and unknown parents still block it (17.7443ms)
✔ Failed programs and undelivered notifications retain their ledger without consuming success state (2.4121ms)
✔ Delivery followed by a failed completion ACK remains unknown and is not automatically delivered again (1.7785ms)
✔ Crash recovery marks unconfirmed execution unknown and does not rerun it (0.7389ms)
✔ Concurrent enqueues respect the durable queue budget and disabled work remains observable (1.5561ms)
✔ A cancelled durable queue record cannot be revived by a stale pending item (0.7515ms)
✔ Turn cancellation settles a stuck approval without invoking the tool or consuming occurrence state (1.3999ms)
context-care: first failed while handling the primary error Error: first-close
    at TestContext.<anonymous> (file:///C:/Users/al765/AppData/Local/Temp/care-public-dependencies-4967e9aff45849448c36b3a06ccdbde5/source/test/workbench-runtime.test.js:290:38)
    at Test.runInAsyncScope (node:async_hooks:227:14)
    at Test.run (node:internal/test_runner/test:1402:25)
    at Test.processPendingSubtests (node:internal/test_runner/test:974:18)
    at Test.postRun (node:internal/test_runner/test:1542:19)
    at Test.run (node:internal/test_runner/test:1467:12)
    at async Test.processPendingSubtests (node:internal/test_runner/test:974:7)
✔ Action timeout includes approval and cancellation after a running ACK still prevents tool execution (40.9379ms)
✔ Execution capacity is shared across sessions and a cancelled waiter never starts (1.4346ms)
✔ Resource cleanup releases later owners after a failure and preserves the startup error (0.6974ms)
ℹ tests 311
ℹ suites 0
ℹ pass 311
ℹ fail 0
ℹ cancelled 0
ℹ skipped 0
ℹ todo 0
ℹ duration_ms 9582.1127
